
  .   ____          _            __ _ _
 /\\ / ___'_ __ _ _(_)_ __  __ _ \ \ \ \
( ( )\___ | '_ | '_| | '_ \/ _` | \ \ \ \
 \\/  ___)| |_)| | | | | || (_| |  ) ) ) )
  '  |____| .__|_| |_|_| |_\__, | / / / /
 =========|_|==============|___/=/_/_/_/

 :: Spring Boot ::                (v3.5.7)

2025-12-06T17:28:02.655-05:00  INFO 13800 --- [ChroniCare Backend - Development] [           main] c.c.p.ChronicareeBackendApplication      : Starting ChronicareeBackendApplication v0.0.1-SNAPSHOT using Java 25.0.1 with PID 13800 (C:\Users\goku6\OneDrive\Documentos\Development\Codigo\ChroniCaree-Backend\target\chronicare-backend-0.0.1-SNAPSHOT.jar started by goku6 in C:\Users\goku6\OneDrive\Documentos\Development\Codigo\ChroniCaree-Backend)
2025-12-06T17:28:02.662-05:00 DEBUG 13800 --- [ChroniCare Backend - Development] [           main] c.c.p.ChronicareeBackendApplication      : Running with Spring Boot v3.5.7, Spring v6.2.12
2025-12-06T17:28:02.665-05:00  INFO 13800 --- [ChroniCare Backend - Development] [           main] c.c.p.ChronicareeBackendApplication      : The following 1 profile is active: "dev"
2025-12-06T17:28:06.044-05:00  INFO 13800 --- [ChroniCare Backend - Development] [           main] .s.d.r.c.RepositoryConfigurationDelegate : Bootstrapping Spring Data JPA repositories in DEFAULT mode.
2025-12-06T17:28:06.420-05:00  INFO 13800 --- [ChroniCare Backend - Development] [           main] .s.d.r.c.RepositoryConfigurationDelegate : Finished Spring Data repository scanning in 348 ms. Found 26 JPA repository interfaces.
2025-12-06T17:28:08.376-05:00  INFO 13800 --- [ChroniCare Backend - Development] [           main] o.s.b.w.embedded.tomcat.TomcatWebServer  : Tomcat initialized with port 11083 (http)
2025-12-06T17:28:08.419-05:00  INFO 13800 --- [ChroniCare Backend - Development] [           main] o.apache.catalina.core.StandardService   : Starting service [Tomcat]
2025-12-06T17:28:08.421-05:00  INFO 13800 --- [ChroniCare Backend - Development] [           main] o.apache.catalina.core.StandardEngine    : Starting Servlet engine: [Apache Tomcat/10.1.48]
2025-12-06T17:28:08.513-05:00  INFO 13800 --- [ChroniCare Backend - Development] [           main] o.a.c.c.C.[Tomcat].[localhost].[/]       : Initializing Spring embedded WebApplicationContext
2025-12-06T17:28:08.515-05:00  INFO 13800 --- [ChroniCare Backend - Development] [           main] w.s.c.ServletWebServerApplicationContext : Root WebApplicationContext: initialization completed in 5734 ms
2025-12-06T17:28:09.274-05:00  INFO 13800 --- [ChroniCare Backend - Development] [           main] o.hibernate.jpa.internal.util.LogHelper  : HHH000204: Processing PersistenceUnitInfo [name: default]
2025-12-06T17:28:09.448-05:00  INFO 13800 --- [ChroniCare Backend - Development] [           main] org.hibernate.Version                    : HHH000412: Hibernate ORM core version 6.6.33.Final
2025-12-06T17:28:09.540-05:00  INFO 13800 --- [ChroniCare Backend - Development] [           main] o.h.c.internal.RegionFactoryInitiator    : HHH000026: Second-level cache disabled
2025-12-06T17:28:10.399-05:00  INFO 13800 --- [ChroniCare Backend - Development] [           main] o.s.o.j.p.SpringPersistenceUnitInfo      : No LoadTimeWeaver setup: ignoring JPA class transformer
2025-12-06T17:28:10.483-05:00  INFO 13800 --- [ChroniCare Backend - Development] [           main] com.zaxxer.hikari.HikariDataSource       : HikariPool-1 - Starting...
2025-12-06T17:28:10.903-05:00  INFO 13800 --- [ChroniCare Backend - Development] [           main] com.zaxxer.hikari.pool.HikariPool        : HikariPool-1 - Added connection com.mysql.cj.jdbc.ConnectionImpl@749c0669
2025-12-06T17:28:10.908-05:00  INFO 13800 --- [ChroniCare Backend - Development] [           main] com.zaxxer.hikari.HikariDataSource       : HikariPool-1 - Start completed.
2025-12-06T17:28:10.998-05:00  WARN 13800 --- [ChroniCare Backend - Development] [           main] org.hibernate.orm.deprecation            : HHH90000025: MySQLDialect does not need to be specified explicitly using 'hibernate.dialect' (remove the property setting and it will be selected by default)
2025-12-06T17:28:11.038-05:00  INFO 13800 --- [ChroniCare Backend - Development] [           main] org.hibernate.orm.connections.pooling    : HHH10001005: Database info:
	Database JDBC URL [Connecting through datasource 'HikariDataSource (HikariPool-1)']
	Database driver: undefined/unknown
	Database version: 8.0.42
	Autocommit mode: undefined/unknown
	Isolation level: undefined/unknown
	Minimum pool size: undefined/unknown
	Maximum pool size: undefined/unknown
2025-12-06T17:28:15.503-05:00  INFO 13800 --- [ChroniCare Backend - Development] [           main] o.h.e.t.j.p.i.JtaPlatformInitiator       : HHH000489: No JTA platform available (set 'hibernate.transaction.jta.platform' to enable JTA platform integration)
2025-12-06T17:28:15.648-05:00 DEBUG 13800 --- [ChroniCare Backend - Development] [           main] org.hibernate.SQL                        : 
    alter table alerts 
       modify column category enum ('ADMINISTRATIVE','CLINICAL','FINANCIAL','OPERATIONAL','TECHNICAL')
Hibernate: 
    alter table alerts 
       modify column category enum ('ADMINISTRATIVE','CLINICAL','FINANCIAL','OPERATIONAL','TECHNICAL')
2025-12-06T17:28:15.679-05:00 DEBUG 13800 --- [ChroniCare Backend - Development] [           main] org.hibernate.SQL                        : 
    alter table alerts 
       modify column severity enum ('CRITICAL','HIGH','LOW','MEDIUM') not null
Hibernate: 
    alter table alerts 
       modify column severity enum ('CRITICAL','HIGH','LOW','MEDIUM') not null
2025-12-06T17:28:15.706-05:00 DEBUG 13800 --- [ChroniCare Backend - Development] [           main] org.hibernate.SQL                        : 
    alter table alerts 
       modify column source enum ('DEVICE','MANUAL','SYSTEM')
Hibernate: 
    alter table alerts 
       modify column source enum ('DEVICE','MANUAL','SYSTEM')
2025-12-06T17:28:15.727-05:00 DEBUG 13800 --- [ChroniCare Backend - Development] [           main] org.hibernate.SQL                        : 
    alter table alerts 
       modify column status enum ('ACKNOWLEDGED','ACTIVE','DISMISSED','ESCALATED','EXPIRED','RESOLVED') not null
Hibernate: 
    alter table alerts 
       modify column status enum ('ACKNOWLEDGED','ACTIVE','DISMISSED','ESCALATED','EXPIRED','RESOLVED') not null
2025-12-06T17:28:15.751-05:00 DEBUG 13800 --- [ChroniCare Backend - Development] [           main] org.hibernate.SQL                        : 
    alter table alerts 
       modify column type enum ('APPOINTMENT_MISSED','APPOINTMENT_REMINDER','FOLLOWUP_REQUIRED','LAB_RESULT_ABNORMAL','MEDICATION_INTERACTION','MEDICATION_MISSED','SYMPTOM_CRITICAL','SYMPTOM_WORSENING','SYSTEM_NOTIFICATION','TREATMENT_OVERDUE','VITAL_SIGN_ABNORMAL','VITAL_SIGN_CRITICAL') not null
Hibernate: 
    alter table alerts 
       modify column type enum ('APPOINTMENT_MISSED','APPOINTMENT_REMINDER','FOLLOWUP_REQUIRED','LAB_RESULT_ABNORMAL','MEDICATION_INTERACTION','MEDICATION_MISSED','SYMPTOM_CRITICAL','SYMPTOM_WORSENING','SYSTEM_NOTIFICATION','TREATMENT_OVERDUE','VITAL_SIGN_ABNORMAL','VITAL_SIGN_CRITICAL') not null
2025-12-06T17:28:16.026-05:00  INFO 13800 --- [ChroniCare Backend - Development] [           main] j.LocalContainerEntityManagerFactoryBean : Initialized JPA EntityManagerFactory for persistence unit 'default'
2025-12-06T17:28:16.779-05:00 DEBUG 13800 --- [ChroniCare Backend - Development] [           main] o.s.w.f.ServerHttpObservationFilter      : Filter 'webMvcObservationFilter' configured for use
2025-12-06T17:28:16.781-05:00 DEBUG 13800 --- [ChroniCare Backend - Development] [           main] c.c.p.i.i.a.s.p.BearerTokenRequestFilter : Filter 'bearerTokenRequestFilter' configured for use
2025-12-06T17:28:16.917-05:00  INFO 13800 --- [ChroniCare Backend - Development] [           main] o.s.d.j.r.query.QueryEnhancerFactory     : Hibernate is in classpath; If applicable, HQL parser will be used.
2025-12-06T17:28:22.267-05:00  WARN 13800 --- [ChroniCare Backend - Development] [           main] ConfigServletWebServerApplicationContext : Exception encountered during context initialization - cancelling refresh attempt: org.springframework.beans.factory.BeanCreationException: Error creating bean with name 'org.springframework.security.config.annotation.web.configuration.WebSecurityConfiguration': Injection of autowired dependencies failed
2025-12-06T17:28:22.275-05:00  INFO 13800 --- [ChroniCare Backend - Development] [           main] j.LocalContainerEntityManagerFactoryBean : Closing JPA EntityManagerFactory for persistence unit 'default'
2025-12-06T17:28:22.281-05:00  INFO 13800 --- [ChroniCare Backend - Development] [           main] com.zaxxer.hikari.HikariDataSource       : HikariPool-1 - Shutdown initiated...
2025-12-06T17:28:22.294-05:00  INFO 13800 --- [ChroniCare Backend - Development] [           main] com.zaxxer.hikari.HikariDataSource       : HikariPool-1 - Shutdown completed.
2025-12-06T17:28:22.299-05:00  INFO 13800 --- [ChroniCare Backend - Development] [           main] o.apache.catalina.core.StandardService   : Stopping service [Tomcat]
2025-12-06T17:28:22.328-05:00  INFO 13800 --- [ChroniCare Backend - Development] [           main] .s.b.a.l.ConditionEvaluationReportLogger : 

Error starting ApplicationContext. To display the condition evaluation report re-run your application with 'debug' enabled.
2025-12-06T17:28:22.359-05:00 ERROR 13800 --- [ChroniCare Backend - Development] [           main] o.s.boot.SpringApplication               : Application run failed

org.springframework.beans.factory.BeanCreationException: Error creating bean with name 'org.springframework.security.config.annotation.web.configuration.WebSecurityConfiguration': Injection of autowired dependencies failed
	at org.springframework.beans.factory.annotation.AutowiredAnnotationBeanPostProcessor.postProcessProperties(AutowiredAnnotationBeanPostProcessor.java:515) ~[spring-beans-6.2.12.jar!/:6.2.12]
	at org.springframework.beans.factory.support.AbstractAutowireCapableBeanFactory.populateBean(AbstractAutowireCapableBeanFactory.java:1459) ~[spring-beans-6.2.12.jar!/:6.2.12]
	at org.springframework.beans.factory.support.AbstractAutowireCapableBeanFactory.doCreateBean(AbstractAutowireCapableBeanFactory.java:606) ~[spring-beans-6.2.12.jar!/:6.2.12]
	at org.springframework.beans.factory.support.AbstractAutowireCapableBeanFactory.createBean(AbstractAutowireCapableBeanFactory.java:529) ~[spring-beans-6.2.12.jar!/:6.2.12]
	at org.springframework.beans.factory.support.AbstractBeanFactory.lambda$doGetBean$0(AbstractBeanFactory.java:339) ~[spring-beans-6.2.12.jar!/:6.2.12]
	at org.springframework.beans.factory.support.DefaultSingletonBeanRegistry.getSingleton(DefaultSingletonBeanRegistry.java:373) ~[spring-beans-6.2.12.jar!/:6.2.12]
	at org.springframework.beans.factory.support.AbstractBeanFactory.doGetBean(AbstractBeanFactory.java:337) ~[spring-beans-6.2.12.jar!/:6.2.12]
	at org.springframework.beans.factory.support.AbstractBeanFactory.getBean(AbstractBeanFactory.java:202) ~[spring-beans-6.2.12.jar!/:6.2.12]
	at org.springframework.beans.factory.support.DefaultListableBeanFactory.instantiateSingleton(DefaultListableBeanFactory.java:1228) ~[spring-beans-6.2.12.jar!/:6.2.12]
	at org.springframework.beans.factory.support.DefaultListableBeanFactory.preInstantiateSingleton(DefaultListableBeanFactory.java:1194) ~[spring-beans-6.2.12.jar!/:6.2.12]
	at org.springframework.beans.factory.support.DefaultListableBeanFactory.preInstantiateSingletons(DefaultListableBeanFactory.java:1130) ~[spring-beans-6.2.12.jar!/:6.2.12]
	at org.springframework.context.support.AbstractApplicationContext.finishBeanFactoryInitialization(AbstractApplicationContext.java:990) ~[spring-context-6.2.12.jar!/:6.2.12]
	at org.springframework.context.support.AbstractApplicationContext.refresh(AbstractApplicationContext.java:627) ~[spring-context-6.2.12.jar!/:6.2.12]
	at org.springframework.boot.web.servlet.context.ServletWebServerApplicationContext.refresh(ServletWebServerApplicationContext.java:146) ~[spring-boot-3.5.7.jar!/:3.5.7]
	at org.springframework.boot.SpringApplication.refresh(SpringApplication.java:752) ~[spring-boot-3.5.7.jar!/:3.5.7]
	at org.springframework.boot.SpringApplication.refreshContext(SpringApplication.java:439) ~[spring-boot-3.5.7.jar!/:3.5.7]
	at org.springframework.boot.SpringApplication.run(SpringApplication.java:318) ~[spring-boot-3.5.7.jar!/:3.5.7]
	at org.springframework.boot.SpringApplication.run(SpringApplication.java:1361) ~[spring-boot-3.5.7.jar!/:3.5.7]
	at org.springframework.boot.SpringApplication.run(SpringApplication.java:1350) ~[spring-boot-3.5.7.jar!/:3.5.7]
	at com.chronicare.platform.ChronicareeBackendApplication.main(ChronicareeBackendApplication.java:18) ~[!/:0.0.1-SNAPSHOT]
	at java.base/jdk.internal.reflect.DirectMethodHandleAccessor.invoke(DirectMethodHandleAccessor.java:104) ~[na:na]
	at java.base/java.lang.reflect.Method.invoke(Method.java:565) ~[na:na]
	at org.springframework.boot.loader.launch.Launcher.launch(Launcher.java:106) ~[chronicare-backend-0.0.1-SNAPSHOT.jar:0.0.1-SNAPSHOT]
	at org.springframework.boot.loader.launch.Launcher.launch(Launcher.java:64) ~[chronicare-backend-0.0.1-SNAPSHOT.jar:0.0.1-SNAPSHOT]
	at org.springframework.boot.loader.launch.JarLauncher.main(JarLauncher.java:40) ~[chronicare-backend-0.0.1-SNAPSHOT.jar:0.0.1-SNAPSHOT]
Caused by: java.lang.RuntimeException: Could not postProcess org.springframework.security.config.annotation.web.builders.WebSecurity@581df833 of type class org.springframework.security.config.annotation.web.builders.WebSecurity
	at org.springframework.security.config.annotation.configuration.AutowireBeanFactoryObjectPostProcessor.postProcess(AutowireBeanFactoryObjectPostProcessor.java:71) ~[spring-security-config-6.5.6.jar!/:6.5.6]
	at org.springframework.security.config.annotation.web.configuration.WebSecurityConfiguration.setFilterChainProxySecurityConfigurer(WebSecurityConfiguration.java:159) ~[spring-security-config-6.5.6.jar!/:6.5.6]
	at java.base/jdk.internal.reflect.DirectMethodHandleAccessor.invoke(DirectMethodHandleAccessor.java:104) ~[na:na]
	at java.base/java.lang.reflect.Method.invoke(Method.java:565) ~[na:na]
	at org.springframework.beans.factory.annotation.AutowiredAnnotationBeanPostProcessor$AutowiredMethodElement.inject(AutowiredAnnotationBeanPostProcessor.java:854) ~[spring-beans-6.2.12.jar!/:6.2.12]
	at org.springframework.beans.factory.annotation.InjectionMetadata.inject(InjectionMetadata.java:146) ~[spring-beans-6.2.12.jar!/:6.2.12]
	at org.springframework.beans.factory.annotation.AutowiredAnnotationBeanPostProcessor.postProcessProperties(AutowiredAnnotationBeanPostProcessor.java:509) ~[spring-beans-6.2.12.jar!/:6.2.12]
	... 24 common frames omitted
Caused by: org.springframework.beans.factory.BeanCreationException: Error creating bean with name 'mvcHandlerMappingIntrospectorRequestTransformer': Cannot resolve reference to bean 'mvcHandlerMappingIntrospector' while setting constructor argument
	at org.springframework.beans.factory.support.BeanDefinitionValueResolver.resolveReference(BeanDefinitionValueResolver.java:377) ~[spring-beans-6.2.12.jar!/:6.2.12]
	at org.springframework.beans.factory.support.BeanDefinitionValueResolver.resolveValueIfNecessary(BeanDefinitionValueResolver.java:135) ~[spring-beans-6.2.12.jar!/:6.2.12]
	at org.springframework.beans.factory.support.ConstructorResolver.resolveConstructorArguments(ConstructorResolver.java:691) ~[spring-beans-6.2.12.jar!/:6.2.12]
	at org.springframework.beans.factory.support.ConstructorResolver.autowireConstructor(ConstructorResolver.java:206) ~[spring-beans-6.2.12.jar!/:6.2.12]
	at org.springframework.beans.factory.support.AbstractAutowireCapableBeanFactory.autowireConstructor(AbstractAutowireCapableBeanFactory.java:1395) ~[spring-beans-6.2.12.jar!/:6.2.12]
	at org.springframework.beans.factory.support.AbstractAutowireCapableBeanFactory.createBeanInstance(AbstractAutowireCapableBeanFactory.java:1232) ~[spring-beans-6.2.12.jar!/:6.2.12]
	at org.springframework.beans.factory.support.AbstractAutowireCapableBeanFactory.doCreateBean(AbstractAutowireCapableBeanFactory.java:569) ~[spring-beans-6.2.12.jar!/:6.2.12]
	at org.springframework.beans.factory.support.AbstractAutowireCapableBeanFactory.createBean(AbstractAutowireCapableBeanFactory.java:529) ~[spring-beans-6.2.12.jar!/:6.2.12]
	at org.springframework.beans.factory.support.AbstractBeanFactory.lambda$doGetBean$0(AbstractBeanFactory.java:339) ~[spring-beans-6.2.12.jar!/:6.2.12]
	at org.springframework.beans.factory.support.DefaultSingletonBeanRegistry.getSingleton(DefaultSingletonBeanRegistry.java:373) ~[spring-beans-6.2.12.jar!/:6.2.12]
	at org.springframework.beans.factory.support.AbstractBeanFactory.doGetBean(AbstractBeanFactory.java:337) ~[spring-beans-6.2.12.jar!/:6.2.12]
	at org.springframework.beans.factory.support.AbstractBeanFactory.getBean(AbstractBeanFactory.java:227) ~[spring-beans-6.2.12.jar!/:6.2.12]
	at org.springframework.beans.factory.support.DefaultListableBeanFactory.resolveNamedBean(DefaultListableBeanFactory.java:1623) ~[spring-beans-6.2.12.jar!/:6.2.12]
	at org.springframework.beans.factory.support.DefaultListableBeanFactory.resolveNamedBean(DefaultListableBeanFactory.java:1581) ~[spring-beans-6.2.12.jar!/:6.2.12]
	at org.springframework.beans.factory.support.DefaultListableBeanFactory.resolveBean(DefaultListableBeanFactory.java:564) ~[spring-beans-6.2.12.jar!/:6.2.12]
	at org.springframework.beans.factory.support.DefaultListableBeanFactory$1.getIfUnique(DefaultListableBeanFactory.java:490) ~[spring-beans-6.2.12.jar!/:6.2.12]
	at org.springframework.security.config.annotation.web.builders.WebSecurity.setApplicationContext(WebSecurity.java:433) ~[spring-security-config-6.5.6.jar!/:6.5.6]
	at org.springframework.context.support.ApplicationContextAwareProcessor.invokeAwareInterfaces(ApplicationContextAwareProcessor.java:110) ~[spring-context-6.2.12.jar!/:6.2.12]
	at org.springframework.context.support.ApplicationContextAwareProcessor.postProcessBeforeInitialization(ApplicationContextAwareProcessor.java:85) ~[spring-context-6.2.12.jar!/:6.2.12]
	at org.springframework.beans.factory.support.AbstractAutowireCapableBeanFactory.applyBeanPostProcessorsBeforeInitialization(AbstractAutowireCapableBeanFactory.java:429) ~[spring-beans-6.2.12.jar!/:6.2.12]
	at org.springframework.beans.factory.support.AbstractAutowireCapableBeanFactory.initializeBean(AbstractAutowireCapableBeanFactory.java:1818) ~[spring-beans-6.2.12.jar!/:6.2.12]
	at org.springframework.beans.factory.support.AbstractAutowireCapableBeanFactory.initializeBean(AbstractAutowireCapableBeanFactory.java:419) ~[spring-beans-6.2.12.jar!/:6.2.12]
	at org.springframework.security.config.annotation.configuration.AutowireBeanFactoryObjectPostProcessor.initializeBeanIfNeeded(AutowireBeanFactoryObjectPostProcessor.java:98) ~[spring-security-config-6.5.6.jar!/:6.5.6]
	at org.springframework.security.config.annotation.configuration.AutowireBeanFactoryObjectPostProcessor.postProcess(AutowireBeanFactoryObjectPostProcessor.java:67) ~[spring-security-config-6.5.6.jar!/:6.5.6]
	... 30 common frames omitted
Caused by: org.springframework.beans.factory.BeanCreationException: Error creating bean with name 'mvcHandlerMappingIntrospector' defined in class path resource [org/springframework/boot/autoconfigure/web/servlet/WebMvcAutoConfiguration$EnableWebMvcConfiguration.class]: Error creating bean with name 'requestMappingHandlerMapping' defined in class path resource [org/springframework/boot/autoconfigure/web/servlet/WebMvcAutoConfiguration$EnableWebMvcConfiguration.class]: Ambiguous mapping. Cannot map 'recordConsentController' method 
com.chronicare.platform.records.interfaces.rest.controller.RecordConsentController#grantConsent(GrantConsentResource, Authentication)
to {POST [/api/v1/records/consents]}: There is already 'recordsMedicalRecordController' bean method
com.chronicare.platform.records.interfaces.rest.controller.MedicalRecordController#grantConsent(GrantConsentResource) mapped.
	at org.springframework.beans.factory.support.AbstractAutowireCapableBeanFactory.initializeBean(AbstractAutowireCapableBeanFactory.java:1826) ~[spring-beans-6.2.12.jar!/:6.2.12]
	at org.springframework.beans.factory.support.AbstractAutowireCapableBeanFactory.doCreateBean(AbstractAutowireCapableBeanFactory.java:607) ~[spring-beans-6.2.12.jar!/:6.2.12]
	at org.springframework.beans.factory.support.AbstractAutowireCapableBeanFactory.createBean(AbstractAutowireCapableBeanFactory.java:529) ~[spring-beans-6.2.12.jar!/:6.2.12]
	at org.springframework.beans.factory.support.AbstractBeanFactory.lambda$doGetBean$0(AbstractBeanFactory.java:339) ~[spring-beans-6.2.12.jar!/:6.2.12]
	at org.springframework.beans.factory.support.DefaultSingletonBeanRegistry.getSingleton(DefaultSingletonBeanRegistry.java:373) ~[spring-beans-6.2.12.jar!/:6.2.12]
	at org.springframework.beans.factory.support.AbstractBeanFactory.doGetBean(AbstractBeanFactory.java:337) ~[spring-beans-6.2.12.jar!/:6.2.12]
	at org.springframework.beans.factory.support.AbstractBeanFactory.getBean(AbstractBeanFactory.java:202) ~[spring-beans-6.2.12.jar!/:6.2.12]
	at org.springframework.beans.factory.support.BeanDefinitionValueResolver.resolveReference(BeanDefinitionValueResolver.java:365) ~[spring-beans-6.2.12.jar!/:6.2.12]
	... 53 common frames omitted
Caused by: org.springframework.beans.factory.BeanCreationException: Error creating bean with name 'requestMappingHandlerMapping' defined in class path resource [org/springframework/boot/autoconfigure/web/servlet/WebMvcAutoConfiguration$EnableWebMvcConfiguration.class]: Ambiguous mapping. Cannot map 'recordConsentController' method 
com.chronicare.platform.records.interfaces.rest.controller.RecordConsentController#grantConsent(GrantConsentResource, Authentication)
to {POST [/api/v1/records/consents]}: There is already 'recordsMedicalRecordController' bean method
com.chronicare.platform.records.interfaces.rest.controller.MedicalRecordController#grantConsent(GrantConsentResource) mapped.
	at org.springframework.beans.factory.support.AbstractAutowireCapableBeanFactory.initializeBean(AbstractAutowireCapableBeanFactory.java:1826) ~[spring-beans-6.2.12.jar!/:6.2.12]
	at org.springframework.beans.factory.support.AbstractAutowireCapableBeanFactory.doCreateBean(AbstractAutowireCapableBeanFactory.java:607) ~[spring-beans-6.2.12.jar!/:6.2.12]
	at org.springframework.beans.factory.support.AbstractAutowireCapableBeanFactory.createBean(AbstractAutowireCapableBeanFactory.java:529) ~[spring-beans-6.2.12.jar!/:6.2.12]
	at org.springframework.beans.factory.support.AbstractBeanFactory.lambda$doGetBean$0(AbstractBeanFactory.java:339) ~[spring-beans-6.2.12.jar!/:6.2.12]
	at org.springframework.beans.factory.support.DefaultSingletonBeanRegistry.getSingleton(DefaultSingletonBeanRegistry.java:373) ~[spring-beans-6.2.12.jar!/:6.2.12]
	at org.springframework.beans.factory.support.AbstractBeanFactory.doGetBean(AbstractBeanFactory.java:337) ~[spring-beans-6.2.12.jar!/:6.2.12]
	at org.springframework.beans.factory.support.AbstractBeanFactory.getBean(AbstractBeanFactory.java:202) ~[spring-beans-6.2.12.jar!/:6.2.12]
	at org.springframework.beans.factory.support.DefaultListableBeanFactory.getBeansOfType(DefaultListableBeanFactory.java:748) ~[spring-beans-6.2.12.jar!/:6.2.12]
	at org.springframework.context.support.AbstractApplicationContext.getBeansOfType(AbstractApplicationContext.java:1429) ~[spring-context-6.2.12.jar!/:6.2.12]
	at org.springframework.beans.factory.BeanFactoryUtils.beansOfTypeIncludingAncestors(BeanFactoryUtils.java:372) ~[spring-beans-6.2.12.jar!/:6.2.12]
	at org.springframework.web.servlet.handler.HandlerMappingIntrospector.initHandlerMappings(HandlerMappingIntrospector.java:159) ~[spring-webmvc-6.2.12.jar!/:6.2.12]
	at org.springframework.web.servlet.handler.HandlerMappingIntrospector.afterPropertiesSet(HandlerMappingIntrospector.java:146) ~[spring-webmvc-6.2.12.jar!/:6.2.12]
	at org.springframework.beans.factory.support.AbstractAutowireCapableBeanFactory.invokeInitMethods(AbstractAutowireCapableBeanFactory.java:1873) ~[spring-beans-6.2.12.jar!/:6.2.12]
	at org.springframework.beans.factory.support.AbstractAutowireCapableBeanFactory.initializeBean(AbstractAutowireCapableBeanFactory.java:1822) ~[spring-beans-6.2.12.jar!/:6.2.12]
	... 60 common frames omitted
Caused by: java.lang.IllegalStateException: Ambiguous mapping. Cannot map 'recordConsentController' method 
com.chronicare.platform.records.interfaces.rest.controller.RecordConsentController#grantConsent(GrantConsentResource, Authentication)
to {POST [/api/v1/records/consents]}: There is already 'recordsMedicalRecordController' bean method
com.chronicare.platform.records.interfaces.rest.controller.MedicalRecordController#grantConsent(GrantConsentResource) mapped.
	at org.springframework.web.servlet.handler.AbstractHandlerMethodMapping$MappingRegistry.validateMethodMapping(AbstractHandlerMethodMapping.java:676) ~[spring-webmvc-6.2.12.jar!/:6.2.12]
	at org.springframework.web.servlet.handler.AbstractHandlerMethodMapping$MappingRegistry.register(AbstractHandlerMethodMapping.java:637) ~[spring-webmvc-6.2.12.jar!/:6.2.12]
	at org.springframework.web.servlet.handler.AbstractHandlerMethodMapping.registerHandlerMethod(AbstractHandlerMethodMapping.java:331) ~[spring-webmvc-6.2.12.jar!/:6.2.12]
	at org.springframework.web.servlet.mvc.method.annotation.RequestMappingHandlerMapping.registerHandlerMethod(RequestMappingHandlerMapping.java:507) ~[spring-webmvc-6.2.12.jar!/:6.2.12]
	at org.springframework.web.servlet.mvc.method.annotation.RequestMappingHandlerMapping.registerHandlerMethod(RequestMappingHandlerMapping.java:84) ~[spring-webmvc-6.2.12.jar!/:6.2.12]
	at org.springframework.web.servlet.handler.AbstractHandlerMethodMapping.lambda$detectHandlerMethods$2(AbstractHandlerMethodMapping.java:298) ~[spring-webmvc-6.2.12.jar!/:6.2.12]
	at java.base/java.util.LinkedHashMap.forEach(LinkedHashMap.java:987) ~[na:na]
	at org.springframework.web.servlet.handler.AbstractHandlerMethodMapping.detectHandlerMethods(AbstractHandlerMethodMapping.java:296) ~[spring-webmvc-6.2.12.jar!/:6.2.12]
	at org.springframework.web.servlet.handler.AbstractHandlerMethodMapping.processCandidateBean(AbstractHandlerMethodMapping.java:265) ~[spring-webmvc-6.2.12.jar!/:6.2.12]
	at org.springframework.web.servlet.handler.AbstractHandlerMethodMapping.initHandlerMethods(AbstractHandlerMethodMapping.java:224) ~[spring-webmvc-6.2.12.jar!/:6.2.12]
	at org.springframework.web.servlet.handler.AbstractHandlerMethodMapping.afterPropertiesSet(AbstractHandlerMethodMapping.java:212) ~[spring-webmvc-6.2.12.jar!/:6.2.12]
	at org.springframework.web.servlet.mvc.method.annotation.RequestMappingHandlerMapping.afterPropertiesSet(RequestMappingHandlerMapping.java:237) ~[spring-webmvc-6.2.12.jar!/:6.2.12]
	at org.springframework.beans.factory.support.AbstractAutowireCapableBeanFactory.invokeInitMethods(AbstractAutowireCapableBeanFactory.java:1873) ~[spring-beans-6.2.12.jar!/:6.2.12]
	at org.springframework.beans.factory.support.AbstractAutowireCapableBeanFactory.initializeBean(AbstractAutowireCapableBeanFactory.java:1822) ~[spring-beans-6.2.12.jar!/:6.2.12]
	... 73 common frames omitted

